 * Starting Kaspersky Lab Framework Supervisor kav4fs-supervisor
   ...done.
License status:
	Aggregate expiration date:           2019-01-11
	Days remaining until expiration:     4
	Functionality:                       Full functionality
	License status:                      Valid
	Active license number:               1D64-0003F5-5728612E
