 * Starting Kaspersky Lab Framework Supervisor kav4fs-supervisor
   ...done.
Name:                Kaspersky Anti-Virus for Linux File Server
Version:             8.0.4.312
Install date:        2018-11-26 00:25:35
License state:       Installed
License expire date: 2018-12-26

